// Jest Snapshot v1, https://goo.gl/fbAQLP

exports[`SheetHeader should render correctly 1`] = `
<View
  style={
    {
      "alignItems": "center",
      "backgroundColor": "#ffffff",
      "flexDirection": "row",
      "height": 32,
      "justifyContent": "space-between",
      "margin": 16,
    }
  }
>
  <View
    style={
      {
        "flex": 1,
      }
    }
  />
  <Text
    accessibilityRole="text"
    style={
      {
        "color": "#141618",
        "fontFamily": "Euclid Circular B",
        "fontSize": 18,
        "fontWeight": "700",
        "letterSpacing": 0,
        "lineHeight": 24,
      }
    }
  >
    Title
  </Text>
  <View
    style={
      {
        "alignItems": "flex-end",
        "flex": 1,
      }
    }
  />
</View>
`;
